// Vitest Snapshot v1, https://vitest.dev/guide/snapshot.html

exports[`App > Renders correctly 1`] = `
<header>
  <img
    alt="Vue logo"
    height="512"
    src="data:image/svg+xml,%3csvg%20xmlns='http://www.w3.org/2000/svg'%20xml:space='preserve'%20viewBox='0%200%20512%20512'%20%3e%3cpath%20d='M216.861%20188.957%2055.754%20468h402.453L297.101%20188.957z'%20fill='%23364A5E'%20/%3e%3cpath%20d='M180.325%20507.31c-1.292-.474-2.576-.791-3.89-1.196-14.279-4.715-21.59-16.349-18.91-31.117%2010.026-55.25%2020.536-110.418%2029.951-165.771%203.872-22.768%205.994-45.884%207.818-68.928%201.071-13.528-3.484-18.622-16.495-22.722-28.042-8.836-56.206-17.302-84.124-26.513-7.958-2.625-15.758-6.52-22.741-11.168-20.124-13.397-9.238-42.707%204.725-49.185%205.642-2.616%2011.285-2.455%2017.023-.702%2038.124%2011.639%2076.949%2020.156%20116.354%2026.054%2034.574%205.175%2069.035%204.242%20103.53-1.328%2036.707-5.928%2072.801-14.353%20108.491-24.663%2011.771-3.401%2021.239.154%2027.386%2010.811%208.699%2015.08%208.729%2032.842-10.726%2042.449-13.321%206.578-27.647%2011.179-41.67%2016.266-18.763%206.806-37.665%2013.227-56.507%2019.813-.741.259-1.499.478-2.225.777-17.459%207.21-20.007%209.473-18.253%2029.998%203.178%2037.188%209.752%2073.906%2016.818%20110.543%207.359%2038.148%2014.345%2076.37%2021.291%20114.596%202.667%2014.674-4.588%2026.021-18.821%2030.502-7.311%201.918-13.27%202.835-18.02%201.485-12.409-3.962-19.12-12.972-22.245-25.142-.508-1.978-.938-3.977-1.374-5.972-7.884-36.082-15.406-72.249-23.839-108.202-2.85-12.152-7.622-23.916-12.256-35.563-2.294-5.767-5.688-5.676-8.344-.074-3.018%206.364-5.663%2012.986-7.672%2019.734-11.548%2038.787-19.047%2078.502-26.501%20118.214-3.042%2016.206-9.205%2033.697-25.528%2037.005-5.26.791-9.289%201.039-13.246-.001z'%20clip-rule='evenodd'%20fill='%2343B883'%20fill-rule='evenodd'%20/%3e%3cpath%20d='m233.655%2043.565%202.813-8.058%205.571%206.465%2013.96-2.65-24.123-27.995-12.183%2034.888%2013.962-2.65zM296%2046.216l-12.183-34.888-24.123%2027.995%2013.96%202.65%205.571-6.465%202.813%208.058L296%2046.216z'%20fill='%23364A5E'%20/%3e%3ccircle%20cx='257.956'%20cy='75.859'%20fill='%23364A5E'%20r='52.975'%20/%3e%3cpath%20d='M313.567%20154.734a382.96%20382.96%200%200%201-19.947%202.689l-36.622%2063.429-36.626-63.44a305.012%20305.012%200%200%201-10.335-1.35c-25.331-3.791-50.42-8.672-75.239-14.761l114.943%20199.088c5.258%207.61%2010.592%206.277%2014.821-.531l114.539-198.384c-21.654%205.231-43.482%209.699-65.534%2013.26z'%20fill='%23364A5E'%20/%3e%3c/svg%3e"
  />
  <button>
    Run Axe
  </button>
</header>
`;
